
> skillmatch@0.1.0 build
> vite build

[36mvite v5.0.0 [32mbuilding for production...[36m[39m
transforming...
[32mΓ£ô[39m 1760 modules transformed.
